Microchip MPLAB XC8 Compiler V1.12 ()

Linker command line:

--edf=/opt/microchip/xc8/v1.12/dat/en_msgs.txt -cs \
  -h+dist/default/production/switchpods_proj.X.production.sym -z -Q18F65K22 \
  -ol.obj -Mdist/default/production/switchpods_proj.X.production.map -E1 \
  -ver=XC8 -ACODE=00h-07FFFh -ACONST=00h-07FFFh \
  -ASMALLCONST=0800h-08FFhx120 -AMEDIUMCONST=0800h-07FFFh -ACOMRAM=01h-05Fh \
  -AABS1=00h-07FFh -ABIGRAM=01h-07FFh -ARAM=060h-0FFh,0100h-01FFhx7 \
  -ABANK0=060h-0FFh -ABANK1=0100h-01FFh -ABANK2=0200h-02FFh \
  -ABANK3=0300h-03FFh -ABANK4=0400h-04FFh -ABANK5=0500h-05FFh \
  -ABANK6=0600h-06FFh -ABANK7=0700h-07FFh -ASFR=0F16h-0F5Fh,0F60h-0FFFh \
  -preset_vec=00h,intcode=08h,intcodelo,powerup,init,end_init \
  -pramtop=0800h -psmallconst=SMALLCONST -pmediumconst=MEDIUMCONST \
  -pconst=CONST -AFARRAM=00h-00h -ACONFIG=0300000h-030000Dh -pconfig=CONFIG \
  -AIDLOC=0200000h-0200007h -pidloc=IDLOC -AEEDATA=0F00000h-0F003FFh \
  -peeprom_data=EEDATA \
  -prdata=COMRAM,nvrram=COMRAM,nvbit=COMRAM,rbss=COMRAM,rbit=COMRAM \
  -pfarbss=FARRAM,fardata=FARRAM \
  -pintsave_regs=BIGRAM,bigbss=BIGRAM,bigdata=BIGRAM -pbss=RAM \
  -pidata=CODE,irdata=CODE,ibigdata=CODE,ifardata=CODE /tmp/cgtywQ7j6.obj \
  dist/default/production/switchpods_proj.X.production.obj 

Object code version is 3.10

Machine type is 18F65K22

Call graph: (short form)




                Name                               Link     Load   Length Selector   Space Scale
/tmp/cgtywQ7j6.obj
                end_init                            21C      21C        4        4       0
                reset_vec                             0        0        4        0       0
                idloc                            200000   200000        8   200000       0
                config                           300000   300000        E   300000       0
dist/default/production/switchpods_proj.X.production.obj
                intcode                               8        8      214        4       0
                text16                             159C     159C       12        4       0
                text15                             1180     1180      116        4       0
                text13                             15AE     15AE        E        4       0
                text12                             14AA     14AA       48        4       0
                text11                             106A     106A      116        4       0
                text10                             1456     1456       54        4       0
                text9                              1296     1296       DC        4       0
                text8                              15BC     15BC        C        4       0
                text7                              15C8     15C8        8        4       0
                text6                              13F8     13F8       5E        4       0
                text5                              155C     155C       1A        4       0
                text4                               F04      F04      166        4       0
                text3                              15D0     15D0        4        4       0
                text2                              153A     153A       22        4       0
                text1                              158A     158A       12        4       0
                text0                               220      220      CE4        4       0
                cstackCOMRAM                          1        1       28        1       1
                cstackBANK0                          96       96        E       60       1
                cstackBANK1                         100      100       60      100       1
                dataBANK1                           1A8      1A8       24      100       1
                bssBANK1                            160      160       48      100       1
                dataBANK0                            60       60       24       60       1
                bssBANK0                             84       84       12       60       1
                dataCOMRAM                           29       29       14        1       1
                bssCOMRAM                            3D       3D        4        1       1
                cinit                              1372     1372       86        4       0
                idataBANK1                         1516     1516       24        4       0
                idataBANK0                         14F2     14F2       24        4       0
                idataCOMRAM                        1576     1576       14        4       0

TOTAL           Name                               Link     Load   Length     Space
        CLASS   CODE           
                end_init                            21C      21C        4         0
                intcode                               8        8      214         0
                reset_vec                             0        0        4         0
                text16                             159C     159C       12         0
                text15                             1180     1180      116         0
                text13                             15AE     15AE        E         0
                text12                             14AA     14AA       48         0
                text11                             106A     106A      116         0
                text10                             1456     1456       54         0
                text9                              1296     1296       DC         0
                text8                              15BC     15BC        C         0
                text7                              15C8     15C8        8         0
                text6                              13F8     13F8       5E         0
                text5                              155C     155C       1A         0
                text4                               F04      F04      166         0
                text3                              15D0     15D0        4         0
                text2                              153A     153A       22         0
                text1                              158A     158A       12         0
                text0                               220      220      CE4         0
                cinit                              1372     1372       86         0
                idataBANK1                         1516     1516       24         0
                idataBANK0                         14F2     14F2       24         0
                idataCOMRAM                        1576     1576       14         0

        CLASS   CONST          

        CLASS   SMALLCONST     

        CLASS   MEDIUMCONST    

        CLASS   COMRAM         
                cstackCOMRAM                          1        1       28         1
                dataCOMRAM                           29       29       14         1
                bssCOMRAM                            3D       3D        4         1

        CLASS   ABS1           

        CLASS   BIGRAM         

        CLASS   RAM            

        CLASS   BANK0          
                cstackBANK0                          96       96        E         1
                dataBANK0                            60       60       24         1
                bssBANK0                             84       84       12         1

        CLASS   BANK1          
                cstackBANK1                         100      100       60         1
                dataBANK1                           1A8      1A8       24         1
                bssBANK1                            160      160       48         1

        CLASS   BANK2          

        CLASS   BANK3          

        CLASS   BANK4          

        CLASS   BANK5          

        CLASS   BANK6          

        CLASS   BANK7          

        CLASS   SFR            

        CLASS   FARRAM         

        CLASS   CONFIG         
                config                           300000   300000        E         0

        CLASS   IDLOC          
                idloc                            200000   200000        8         0

        CLASS   EEDATA         



SEGMENTS        Name                           Load    Length   Top    Selector   Space  Class

                reset_vec                      000000  000004  000004         0       0  CODE    
                cstackCOMRAM                   000001  000040  000041         1       1  COMRAM  
                intcode                        000008  0015CC  0015D4         4       0  CODE    
                dataBANK0                      000060  000044  0000A4        60       1  BANK0   
                cstackBANK1                    000100  0000CC  0001CC       100       1  BANK1   
                idloc                          200000  000008  200008    200000       0  IDLOC   
                config                         300000  00000E  30000E    300000       0  CONFIG  


UNUSED ADDRESS RANGES

        Name                Unused          Largest block    Delta
        BANK0            0000A4-0000FF               5C
        BANK1            0001CC-0001FF               34
        BANK2            000200-0002FF              100
        BANK3            000300-0003FF              100
        BANK4            000400-0004FF              100
        BANK5            000500-0005FF              100
        BANK6            000600-0006FF              100
        BANK7            000700-0007FF              100
        BIGRAM           000041-00005F               1F
                         0000A4-0000FF               5C
                         0001CC-0007FF              634
        CODE             000004-000007                4
                         0015D4-007FFF             6A2C
        COMRAM           000041-00005F               1F
        CONST            000004-000007                4
                         0015D4-007FFF             6A2C
        EEDATA           F00000-F003FF              400
        MEDIUMCONST      0015D4-007FFF             6A2C
        RAM              0000A4-0000FF               5C
                         0001CC-0007FF              100
        SFR              000F16-000FFF               4A
        SMALLCONST       0015D4-007FFF              100

                                  Symbol Table

?_OpenTimer0             cstackCOMRAM 000020
?_ReadADC                cstackCOMRAM 000020
?_Read_b_eep             cstackCOMRAM 000020
?_WriteTimer0            cstackCOMRAM 000020
?_Write_b_eep            cstackCOMRAM 000020
?__delay_ms              cstackCOMRAM 000020
?_checkButton            cstackCOMRAM 000020
?_setOutput              cstackCOMRAM 000020
?_setOutputs             cstackBANK0  000096
?_setupIO                cstackCOMRAM 000020
?i2_WriteTimer0          cstackCOMRAM 000001
?i2_setOutput            cstackCOMRAM 000001
OpenTimer0@config        cstackCOMRAM 000020
Read_b_eep@badd          cstackCOMRAM 000020
WriteTimer0@timer        cstackCOMRAM 000022
WriteTimer0@timer0       cstackCOMRAM 000020
Write_b_eep@GIE_BIT_VAL  cstackCOMRAM 000024
Write_b_eep@badd         cstackCOMRAM 000020
Write_b_eep@bdat         cstackCOMRAM 000022
_ADCON0                  (abs)        000FC2
_ADCON0bits              (abs)        000FC2
_ADCON1                  (abs)        000FC1
_ADCON2                  (abs)        000FC0
_ADRESH                  (abs)        000FC4
_ADRESL                  (abs)        000FC3
_ANCON0                  (abs)        000F25
_ANCON1                  (abs)        000F24
_ANCON2                  (abs)        000F23
_BusyADC                 text7        0015C8
_Busy_eep                text13       0015AE
_ConvertADC              text3        0015D0
_EEADR                   (abs)        000F62
_EEADRH                  (abs)        000F63
_EECON1bits              (abs)        000F7F
_EECON2                  (abs)        000F7E
_EEDATA                  (abs)        000F61
_INTCONbits              (abs)        000FF2
_LATA                    (abs)        000F89
_LATB                    (abs)        000F8A
_LATC                    (abs)        000F8B
_LATD                    (abs)        000F8C
_LATE                    (abs)        000F8D
_LATF                    (abs)        000F8E
_LATG                    (abs)        000F8F
_OpenTimer0              text2        00153A
_PORTA                   (abs)        000F80
_PORTB                   (abs)        000F81
_PORTC                   (abs)        000F82
_PORTD                   (abs)        000F83
_PORTE                   (abs)        000F84
_PORTF                   (abs)        000F85
_PORTG                   (abs)        000F86
_ReadADC                 text8        0015BC
_Read_b_eep              text5        00155C
_T0CON                   (abs)        000FD5
_T0CONbits               (abs)        000FD5
_TMR0H                   (abs)        000FD7
_TMR0IE                  (abs)        007F95
_TMR0IF                  (abs)        007F92
_TMR0L                   (abs)        000FD6
_TRISA                   (abs)        000F92
_TRISB                   (abs)        000F93
_TRISC                   (abs)        000F94
_TRISD                   (abs)        000F95
_TRISE                   (abs)        000F96
_TRISF                   (abs)        000F97
_TRISG                   (abs)        000F98
_WriteTimer0             text1        00158A
_Write_b_eep             text12       0014AA
__CFG_BBSIZ$BB2K         (abs)        000000
__CFG_BOREN$SBORDIS      (abs)        000000
__CFG_BORPWR$ZPBORMV     (abs)        000000
__CFG_BORV$0             (abs)        000000
__CFG_CCP2MX$PORTC       (abs)        000000
__CFG_CP0$OFF            (abs)        000000
__CFG_CP1$OFF            (abs)        000000
__CFG_CP2$OFF            (abs)        000000
__CFG_CP3$OFF            (abs)        000000
__CFG_CPB$OFF            (abs)        000000
__CFG_CPD$OFF            (abs)        000000
__CFG_EBRT0$OFF          (abs)        000000
__CFG_EBRT1$OFF          (abs)        000000
__CFG_EBRT2$OFF          (abs)        000000
__CFG_EBRT3$OFF          (abs)        000000
__CFG_EBRTB$OFF          (abs)        000000
__CFG_FCMEN$OFF          (abs)        000000
__CFG_FOSC$INTIO2        (abs)        000000
__CFG_IESO$OFF           (abs)        000000
__CFG_INTOSCSEL$HIGH     (abs)        000000
__CFG_MCLRE$ON           (abs)        000000
__CFG_MSSPMSK$MSK7       (abs)        000000
__CFG_PLLCFG$OFF         (abs)        000000
__CFG_PWRTEN$OFF         (abs)        000000
__CFG_RETEN$ON           (abs)        000000
__CFG_RTCOSC$SOSCREF     (abs)        000000
__CFG_SOSCSEL$DIG        (abs)        000000
__CFG_STVREN$ON          (abs)        000000
__CFG_WDTEN$OFF          (abs)        000000
__CFG_WDTPS$1048576      (abs)        000000
__CFG_WRT0$OFF           (abs)        000000
__CFG_WRT1$OFF           (abs)        000000
__CFG_WRT2$OFF           (abs)        000000
__CFG_WRT3$OFF           (abs)        000000
__CFG_WRTB$OFF           (abs)        000000
__CFG_WRTC$OFF           (abs)        000000
__CFG_WRTD$OFF           (abs)        000000
__CFG_XINST$OFF          (abs)        000000
__HRAM                   (abs)        000000
__Habs1                  abs1         000000
__Hbank0                 bank0        000000
__Hbank1                 bank1        000000
__Hbank2                 bank2        000000
__Hbank3                 bank3        000000
__Hbank4                 bank4        000000
__Hbank5                 bank5        000000
__Hbank6                 bank6        000000
__Hbank7                 bank7        000000
__Hbigbss                bigbss       000000
__Hbigdata               bigdata      000000
__Hbigram                bigram       000000
__Hbss                   bss          000000
__HbssBANK0              bssBANK0     000000
__HbssBANK1              bssBANK1     000000
__HbssCOMRAM             bssCOMRAM    000000
__Hcinit                 cinit        000000
__Hclrtext               clrtext      000000
__Hcomram                comram       000000
__Hconfig                config       30000E
__Hconst                 const        000000
__HcstackBANK0           cstackBANK0  000000
__HcstackBANK1           cstackBANK1  000000
__HcstackCOMRAM          cstackCOMRAM 000000
__Hdata                  data         000000
__HdataBANK0             dataBANK0    000000
__HdataBANK1             dataBANK1    000000
__HdataCOMRAM            dataCOMRAM   000000
__Heeprom_data           eeprom_data  000000
__Hend_init              end_init     000220
__Hfarbss                farbss       000000
__Hfardata               fardata      000000
__Hibigdata              ibigdata     000000
__Hidata                 idata        000000
__HidataBANK0            idataBANK0   000000
__HidataBANK1            idataBANK1   000000
__HidataCOMRAM           idataCOMRAM  000000
__Hidloc                 idloc        200008
__Hifardata              ifardata     000000
__Hinit                  init         00021C
__Hintcode               intcode      00021C
__Hintcode_body          intcode_body 000000
__Hintcodelo             intcodelo    00021C
__Hintentry              intentry     000000
__Hintret                intret       000000
__Hintsave_regs          intsave_regs 000000
__Hirdata                irdata       000000
__Hmediumconst           mediumconst  000000
__Hnvbit                 nvbit        000000
__Hnvrram                nvrram       000000
__Hparam                 rparam       000000
__Hpowerup               powerup      00021C
__Hram                   ram          000000
__Hramtop                ramtop       000800
__Hrbit                  rbit         000000
__Hrbss                  rbss         000000
__Hrdata                 rdata        000000
__Hreset_vec             reset_vec    000004
__Hrparam                rparam       000000
__Hsfr                   sfr          000000
__Hsmallconst            smallconst   000000
__Hstruct                struct       000000
__Htemp                  temp         000000
__Htext                  text         000000
__Htext0                 text0        000000
__Htext1                 text1        000000
__Htext10                text10       000000
__Htext11                text11       000000
__Htext12                text12       000000
__Htext13                text13       000000
__Htext15                text15       000000
__Htext16                text16       000000
__Htext17                text17       000000
__Htext2                 text2        000000
__Htext3                 text3        000000
__Htext4                 text4        000000
__Htext5                 text5        000000
__Htext6                 text6        000000
__Htext7                 text7        000000
__Htext8                 text8        000000
__Htext9                 text9        000000
__LRAM                   (abs)        000001
__Labs1                  abs1         000000
__Lbank0                 bank0        000000
__Lbank1                 bank1        000000
__Lbank2                 bank2        000000
__Lbank3                 bank3        000000
__Lbank4                 bank4        000000
__Lbank5                 bank5        000000
__Lbank6                 bank6        000000
__Lbank7                 bank7        000000
__Lbigbss                bigbss       000000
__Lbigdata               bigdata      000000
__Lbigram                bigram       000000
__Lbss                   bss          000000
__LbssBANK0              bssBANK0     000000
__LbssBANK1              bssBANK1     000000
__LbssCOMRAM             bssCOMRAM    000000
__Lcinit                 cinit        000000
__Lclrtext               clrtext      000000
__Lcomram                comram       000000
__Lconfig                config       300000
__Lconst                 const        000000
__LcstackBANK0           cstackBANK0  000000
__LcstackBANK1           cstackBANK1  000000
__LcstackCOMRAM          cstackCOMRAM 000000
__Ldata                  data         000000
__LdataBANK0             dataBANK0    000000
__LdataBANK1             dataBANK1    000000
__LdataCOMRAM            dataCOMRAM   000000
__Leeprom_data           eeprom_data  000000
__Lend_init              end_init     00021C
__Lfarbss                farbss       000000
__Lfardata               fardata      000000
__Libigdata              ibigdata     000000
__Lidata                 idata        000000
__LidataBANK0            idataBANK0   000000
__LidataBANK1            idataBANK1   000000
__LidataCOMRAM           idataCOMRAM  000000
__Lidloc                 idloc        200000
__Lifardata              ifardata     000000
__Linit                  init         00021C
__Lintcode               intcode      000008
__Lintcode_body          intcode_body 000000
__Lintcodelo             intcodelo    00021C
__Lintentry              intentry     000000
__Lintret                intret       000000
__Lintsave_regs          intsave_regs 000000
__Lirdata                irdata       000000
__Lmediumconst           mediumconst  000000
__Lnvbit                 nvbit        000000
__Lnvrram                nvrram       000000
__Lparam                 rparam       000000
__Lpowerup               powerup      00021C
__Lram                   ram          000000
__Lramtop                ramtop       000800
__Lrbit                  rbit         000000
__Lrbss                  rbss         000000
__Lrdata                 rdata        000000
__Lreset_vec             reset_vec    000000
__Lrparam                rparam       000000
__Lsfr                   sfr          000000
__Lsmallconst            smallconst   000000
__Lstruct                struct       000000
__Ltemp                  temp         000000
__Ltext                  text         000000
__Ltext0                 text0        000000
__Ltext1                 text1        000000
__Ltext10                text10       000000
__Ltext11                text11       000000
__Ltext12                text12       000000
__Ltext13                text13       000000
__Ltext15                text15       000000
__Ltext16                text16       000000
__Ltext17                text17       000000
__Ltext2                 text2        000000
__Ltext3                 text3        000000
__Ltext4                 text4        000000
__Ltext5                 text5        000000
__Ltext6                 text6        000000
__Ltext7                 text7        000000
__Ltext8                 text8        000000
__Ltext9                 text9        000000
__S0                     (abs)        30000E
__S1                     (abs)        0001CC
__accesstop              (abs)        000060
__activetblptr           (abs)        000000
__delay_ms               text6        0013F8
__delay_ms@i             cstackCOMRAM 000022
__delay_ms@j             cstackCOMRAM 000024
__delay_ms@ms            cstackCOMRAM 000020
__end_of_BusyADC         text7        0015D0
__end_of_Busy_eep        text13       0015BC
__end_of_ConvertADC      text3        0015D4
__end_of_OpenTimer0      text2        00155C
__end_of_ReadADC         text8        0015C8
__end_of_Read_b_eep      text5        001576
__end_of_WriteTimer0     text1        00159C
__end_of_Write_b_eep     text12       0014F2
__end_of__delay_ms       text6        001456
__end_of__initialization cinit        0013F2
__end_of_checkButton     text9        001372
__end_of_main            text0        000F04
__end_of_pwm_int         intcode      00021C
__end_of_setOutput       text11       001180
__end_of_setOutputs      text10       0014AA
__end_of_setupIO         text4        00106A
__end_ofi2_WriteTimer0   text16       0015AE
__end_ofi2_setOutput     text15       001296
__initialization         cinit        001372
__mediumconst            mediumconst  000000
__pbssBANK0              bssBANK0     000084
__pbssBANK1              bssBANK1     000160
__pbssCOMRAM             bssCOMRAM    00003D
__pcinit                 cinit        001372
__pcstackBANK0           cstackBANK0  000096
__pcstackBANK1           cstackBANK1  000100
__pcstackCOMRAM          cstackCOMRAM 000001
__pdataBANK0             dataBANK0    000060
__pdataBANK1             dataBANK1    0001A8
__pdataCOMRAM            dataCOMRAM   000029
__pidataBANK0            idataBANK0   0014F2
__pidataBANK1            idataBANK1   001516
__pidataCOMRAM           idataCOMRAM  001576
__pintcode               intcode      000008
__ptext0                 text0        000220
__ptext1                 text1        00158A
__ptext10                text10       001456
__ptext11                text11       00106A
__ptext12                text12       0014AA
__ptext13                text13       0015AE
__ptext15                text15       001180
__ptext16                text16       00159C
__ptext17                text17       000000
__ptext2                 text2        00153A
__ptext3                 text3        0015D0
__ptext4                 text4        000F04
__ptext5                 text5        00155C
__ptext6                 text6        0013F8
__ptext7                 text7        0015C8
__ptext8                 text8        0015BC
__ptext9                 text9        001296
__ramtop                 ramtop       000800
__size_of_BusyADC        (abs)        000000
__size_of_Busy_eep       (abs)        000000
__size_of_ConvertADC     (abs)        000000
__size_of_OpenTimer0     (abs)        000000
__size_of_ReadADC        (abs)        000000
__size_of_Read_b_eep     (abs)        000000
__size_of_WriteTimer0    (abs)        000000
__size_of_Write_b_eep    (abs)        000000
__size_of__delay_ms      (abs)        000000
__size_of_checkButton    (abs)        000000
__size_of_main           (abs)        000000
__size_of_pwm_int        (abs)        000000
__size_of_setOutput      (abs)        000000
__size_of_setOutputs     (abs)        000000
__size_of_setupIO        (abs)        000000
__size_ofi2_WriteTimer0  (abs)        000000
__size_ofi2_setOutput    (abs)        000000
__smallconst             smallconst   000000
_buttonMask              dataBANK1    0001A8
_checkButton             text9        001296
_leftLEDMask             dataCOMRAM   000029
_main                    text0        000220
_outputAlwaysOnFlag      bssCOMRAM    00003D
_outputFlag              bssBANK0     000084
_outputHighLength        dataCOMRAM   00003B
_outputPWMState          bssCOMRAM    00003F
_pwm_int                 intcode      000008
_relayMask               dataBANK0    000060
_rightLEDMask            dataBANK0    000072
_setOutput               text11       00106A
_setOutputs              text10       001456
_setupIO                 text4        000F04
checkButton@mask         cstackCOMRAM 000028
checkButton@port         cstackCOMRAM 000024
checkButton@row          cstackCOMRAM 000020
checkButton@state        cstackCOMRAM 000026
end_of_initialization    cinit        0013F2
i2WriteTimer0@timer      cstackCOMRAM 000003
i2WriteTimer0@timer0     cstackCOMRAM 000001
i2_WriteTimer0           text16       00159C
i2_setOutput             text15       001180
i2setOutput@mask         cstackCOMRAM 000009
i2setOutput@port         cstackCOMRAM 000007
i2setOutput@row          cstackCOMRAM 000001
i2setOutput@value        cstackCOMRAM 000003
intlevel0                text         000000
intlevel1                text         000000
intlevel2                text         000000
intlevel3                text         000000
main@F7995               bssBANK1     000160
main@F7997               bssBANK1     000172
main@F7999               bssBANK1     000184
main@F8001               dataBANK1    0001BA
main@F8003               bssBANK1     000196
main@adcResult           cstackBANK1  00015A
main@buttonDown          cstackBANK1  000100
main@buttonEventDown     cstackBANK1  000148
main@buttonEventUp       cstackBANK1  000112
main@buttonLatch         cstackBANK1  000136
main@buttonState         cstackBANK1  000124
main@i                   cstackBANK1  00015E
main@programState        cstackBANK1  00015C
pwm_int@i                cstackCOMRAM 00001E
setOutput@mask           cstackCOMRAM 000028
setOutput@port           cstackCOMRAM 000026
setOutput@row            cstackCOMRAM 000020
setOutput@value          cstackCOMRAM 000022
setOutputs@alwayson      cstackBANK0  000096
setOutputs@ledIndex      cstackBANK0  000098
setOutputs@relay         cstackBANK0  00009A
setOutputs@value         cstackBANK0  00009C
setupIO@direction        cstackCOMRAM 000022
setupIO@mask             cstackBANK0  00009A
setupIO@port             cstackBANK0  000098
setupIO@row              cstackCOMRAM 000020
setupIO@state            cstackBANK0  000096
start                    init         00021C
start_initialization     cinit        001372


FUNCTION INFORMATION:

 *************** function _main *****************
 Defined at:
		line 64 in file "../switch_pods.c"
 Parameters:    Size  Location     Type
		None
 Auto vars:     Size  Location     Type
  buttonEventD   18   72[BANK1 ] volatile unsigned int [9
  buttonLatch    18   54[BANK1 ] volatile unsigned int [9
  buttonState    18   36[BANK1 ] volatile unsigned int [9
  buttonEventU   18   18[BANK1 ] volatile unsigned int [9
  buttonDown     18    0[BANK1 ] volatile unsigned int [9
  i               2   94[BANK1 ] volatile unsigned int 
  programState    2   92[BANK1 ] volatile unsigned int 
  adcResult       2   90[BANK1 ] volatile unsigned int 
 Return value:  Size  Location     Type
                  2  114[COMRAM] unsigned int 
 Registers used:
		wreg, fsr1l, fsr1h, fsr2l, fsr2h, status,2, status,0, cstack
 Tracked objects:
		On entry : 
		On exit  : 
		Unchanged: 
 Data sizes:     COMRAM   BANK0   BANK1   BANK2   BANK3   BANK4   BANK5   BANK6   BANK7
      Params:         0       0       0       0       0       0       0       0       0
      Locals:         0       0      96       0       0       0       0       0       0
      Temps:          0       4       0       0       0       0       0       0       0
      Totals:         0       4      96       0       0       0       0       0       0
Total ram usage:      100 bytes
 Hardware stack levels required when called:    4
 This function calls:
		_WriteTimer0
		_OpenTimer0
		_ConvertADC
		_setupIO
		_Read_b_eep
		__delay_ms
		_BusyADC
		_ReadADC
		_checkButton
		_setOutputs
		_Write_b_eep
		_Busy_eep
 This function is called by:
		Startup code after reset
 This function uses a non-reentrant model


 *************** function _WriteTimer0 *****************
 Defined at:
		line 17 in file "plib/Timers/t0write.c"
 Parameters:    Size  Location     Type
  timer0          2   31[COMRAM] unsigned int 
 Auto vars:     Size  Location     Type
  timer           2   33[COMRAM] struct Timers
 Return value:  Size  Location     Type
		None               void
 Registers used:
		None
 Tracked objects:
		On entry : 
		On exit  : 
		Unchanged: 
 Data sizes:     COMRAM   BANK0   BANK1   BANK2   BANK3   BANK4   BANK5   BANK6   BANK7
      Params:         2       0       0       0       0       0       0       0       0
      Locals:         2       0       0       0       0       0       0       0       0
      Temps:          0       0       0       0       0       0       0       0       0
      Totals:         4       0       0       0       0       0       0       0       0
Total ram usage:        4 bytes
 Hardware stack levels used:    1
 Hardware stack levels required when called:    2
 This function calls:
		Nothing
 This function is called by:
		_main
 This function uses a non-reentrant model


 *************** function _OpenTimer0 *****************
 Defined at:
		line 19 in file "plib/Timers/t0open.c"
 Parameters:    Size  Location     Type
  config          1   31[COMRAM] unsigned char 
 Auto vars:     Size  Location     Type
		None
 Return value:  Size  Location     Type
		None               void
 Registers used:
		wreg, status,2, status,0
 Tracked objects:
		On entry : 
		On exit  : 
		Unchanged: 
 Data sizes:     COMRAM   BANK0   BANK1   BANK2   BANK3   BANK4   BANK5   BANK6   BANK7
      Params:         1       0       0       0       0       0       0       0       0
      Locals:         0       0       0       0       0       0       0       0       0
      Temps:          0       0       0       0       0       0       0       0       0
      Totals:         1       0       0       0       0       0       0       0       0
Total ram usage:        1 bytes
 Hardware stack levels used:    1
 Hardware stack levels required when called:    2
 This function calls:
		Nothing
 This function is called by:
		_main
 This function uses a non-reentrant model


 *************** function _ConvertADC *****************
 Defined at:
		line 23 in file "plib/ADC/adcconv.c"
 Parameters:    Size  Location     Type
		None
 Auto vars:     Size  Location     Type
		None
 Return value:  Size  Location     Type
		None               void
 Registers used:
		None
 Tracked objects:
		On entry : 
		On exit  : 
		Unchanged: 
 Data sizes:     COMRAM   BANK0   BANK1   BANK2   BANK3   BANK4   BANK5   BANK6   BANK7
      Params:         0       0       0       0       0       0       0       0       0
      Locals:         0       0       0       0       0       0       0       0       0
      Temps:          0       0       0       0       0       0       0       0       0
      Totals:         0       0       0       0       0       0       0       0       0
Total ram usage:        0 bytes
 Hardware stack levels used:    1
 Hardware stack levels required when called:    2
 This function calls:
		Nothing
 This function is called by:
		_main
 This function uses a non-reentrant model


 *************** function _setupIO *****************
 Defined at:
		line 292 in file "../switch_pods.c"
 Parameters:    Size  Location     Type
  row             2   31[COMRAM] unsigned int 
  direction       2   33[COMRAM] unsigned int 
 Auto vars:     Size  Location     Type
  port            2    2[BANK0 ] volatile unsigned int 
  state           2    0[BANK0 ] volatile unsigned int 
  mask            1    4[BANK0 ] volatile unsigned char 
 Return value:  Size  Location     Type
		None               void
 Registers used:
		wreg, status,2, status,0
 Tracked objects:
		On entry : 
		On exit  : 
		Unchanged: 
 Data sizes:     COMRAM   BANK0   BANK1   BANK2   BANK3   BANK4   BANK5   BANK6   BANK7
      Params:         4       0       0       0       0       0       0       0       0
      Locals:         0       5       0       0       0       0       0       0       0
      Temps:          2       0       0       0       0       0       0       0       0
      Totals:         6       5       0       0       0       0       0       0       0
Total ram usage:       11 bytes
 Hardware stack levels used:    1
 Hardware stack levels required when called:    2
 This function calls:
		Nothing
 This function is called by:
		_main
 This function uses a non-reentrant model


 *************** function _Read_b_eep *****************
 Defined at:
		line 36 in file "plib/EEP/read_B.c"
 Parameters:    Size  Location     Type
  badd            2   31[COMRAM] unsigned int 
 Auto vars:     Size  Location     Type
		None
 Return value:  Size  Location     Type
                  1    wreg      unsigned char 
 Registers used:
		wreg, status,2, status,0
 Tracked objects:
		On entry : 
		On exit  : 
		Unchanged: 
 Data sizes:     COMRAM   BANK0   BANK1   BANK2   BANK3   BANK4   BANK5   BANK6   BANK7
      Params:         2       0       0       0       0       0       0       0       0
      Locals:         0       0       0       0       0       0       0       0       0
      Temps:          0       0       0       0       0       0       0       0       0
      Totals:         2       0       0       0       0       0       0       0       0
Total ram usage:        2 bytes
 Hardware stack levels used:    1
 Hardware stack levels required when called:    2
 This function calls:
		Nothing
 This function is called by:
		_main
 This function uses a non-reentrant model


 *************** function __delay_ms *****************
 Defined at:
		line 284 in file "../switch_pods.c"
 Parameters:    Size  Location     Type
  ms              2   31[COMRAM] unsigned int 
 Auto vars:     Size  Location     Type
  j               2   35[COMRAM] int 
  i               2   33[COMRAM] int 
 Return value:  Size  Location     Type
		None               void
 Registers used:
		wreg, status,2, status,0
 Tracked objects:
		On entry : 
		On exit  : 
		Unchanged: 
 Data sizes:     COMRAM   BANK0   BANK1   BANK2   BANK3   BANK4   BANK5   BANK6   BANK7
      Params:         2       0       0       0       0       0       0       0       0
      Locals:         4       0       0       0       0       0       0       0       0
      Temps:          0       0       0       0       0       0       0       0       0
      Totals:         6       0       0       0       0       0       0       0       0
Total ram usage:        6 bytes
 Hardware stack levels used:    1
 Hardware stack levels required when called:    2
 This function calls:
		Nothing
 This function is called by:
		_main
 This function uses a non-reentrant model


 *************** function _BusyADC *****************
 Defined at:
		line 27 in file "plib/ADC/adcbusy.c"
 Parameters:    Size  Location     Type
		None
 Auto vars:     Size  Location     Type
		None
 Return value:  Size  Location     Type
                  1    wreg      unsigned char 
 Registers used:
		wreg, status,2, status,0
 Tracked objects:
		On entry : 
		On exit  : 
		Unchanged: 
 Data sizes:     COMRAM   BANK0   BANK1   BANK2   BANK3   BANK4   BANK5   BANK6   BANK7
      Params:         0       0       0       0       0       0       0       0       0
      Locals:         0       0       0       0       0       0       0       0       0
      Temps:          0       0       0       0       0       0       0       0       0
      Totals:         0       0       0       0       0       0       0       0       0
Total ram usage:        0 bytes
 Hardware stack levels used:    1
 Hardware stack levels required when called:    2
 This function calls:
		Nothing
 This function is called by:
		_main
 This function uses a non-reentrant model


 *************** function _ReadADC *****************
 Defined at:
		line 25 in file "plib/ADC/adcread.c"
 Parameters:    Size  Location     Type
		None
 Auto vars:     Size  Location     Type
		None
 Return value:  Size  Location     Type
                  2   31[COMRAM] int 
 Registers used:
		wreg, status,2
 Tracked objects:
		On entry : 
		On exit  : 
		Unchanged: 
 Data sizes:     COMRAM   BANK0   BANK1   BANK2   BANK3   BANK4   BANK5   BANK6   BANK7
      Params:         2       0       0       0       0       0       0       0       0
      Locals:         0       0       0       0       0       0       0       0       0
      Temps:          0       0       0       0       0       0       0       0       0
      Totals:         2       0       0       0       0       0       0       0       0
Total ram usage:        2 bytes
 Hardware stack levels used:    1
 Hardware stack levels required when called:    2
 This function calls:
		Nothing
 This function is called by:
		_main
 This function uses a non-reentrant model


 *************** function _checkButton *****************
 Defined at:
		line 330 in file "../switch_pods.c"
 Parameters:    Size  Location     Type
  row             2   31[COMRAM] unsigned int 
 Auto vars:     Size  Location     Type
  state           2   37[COMRAM] volatile unsigned int 
  port            2   35[COMRAM] volatile unsigned int 
  mask            1   39[COMRAM] volatile unsigned char 
 Return value:  Size  Location     Type
                  1    wreg      unsigned char 
 Registers used:
		wreg, status,2, status,0
 Tracked objects:
		On entry : 
		On exit  : 
		Unchanged: 
 Data sizes:     COMRAM   BANK0   BANK1   BANK2   BANK3   BANK4   BANK5   BANK6   BANK7
      Params:         2       0       0       0       0       0       0       0       0
      Locals:         5       0       0       0       0       0       0       0       0
      Temps:          2       0       0       0       0       0       0       0       0
      Totals:         9       0       0       0       0       0       0       0       0
Total ram usage:        9 bytes
 Hardware stack levels used:    1
 Hardware stack levels required when called:    2
 This function calls:
		Nothing
 This function is called by:
		_main
 This function uses a non-reentrant model


 *************** function _setOutputs *****************
 Defined at:
		line 407 in file "../switch_pods.c"
 Parameters:    Size  Location     Type
  alwayson        2    0[BANK0 ] unsigned int 
  ledIndex        2    2[BANK0 ] unsigned int 
  relay           2    4[BANK0 ] unsigned int 
  value           2    6[BANK0 ] unsigned int 
 Auto vars:     Size  Location     Type
		None
 Return value:  Size  Location     Type
		None               void
 Registers used:
		wreg, fsr2l, fsr2h, status,2, status,0, cstack
 Tracked objects:
		On entry : 
		On exit  : 
		Unchanged: 
 Data sizes:     COMRAM   BANK0   BANK1   BANK2   BANK3   BANK4   BANK5   BANK6   BANK7
      Params:         0       8       0       0       0       0       0       0       0
      Locals:         0       0       0       0       0       0       0       0       0
      Temps:          0       2       0       0       0       0       0       0       0
      Totals:         0      10       0       0       0       0       0       0       0
Total ram usage:       10 bytes
 Hardware stack levels used:    1
 Hardware stack levels required when called:    3
 This function calls:
		_setOutput
 This function is called by:
		_main
 This function uses a non-reentrant model


 *************** function _setOutput *****************
 Defined at:
		line 370 in file "../switch_pods.c"
 Parameters:    Size  Location     Type
  row             2   31[COMRAM] unsigned int 
  value           2   33[COMRAM] unsigned int 
 Auto vars:     Size  Location     Type
  port            2   37[COMRAM] volatile unsigned int 
  mask            1   39[COMRAM] volatile unsigned char 
 Return value:  Size  Location     Type
		None               void
 Registers used:
		wreg, status,2, status,0
 Tracked objects:
		On entry : 
		On exit  : 
		Unchanged: 
 Data sizes:     COMRAM   BANK0   BANK1   BANK2   BANK3   BANK4   BANK5   BANK6   BANK7
      Params:         4       0       0       0       0       0       0       0       0
      Locals:         3       0       0       0       0       0       0       0       0
      Temps:          2       0       0       0       0       0       0       0       0
      Totals:         9       0       0       0       0       0       0       0       0
Total ram usage:        9 bytes
 Hardware stack levels used:    1
 Hardware stack levels required when called:    2
 This function calls:
		Nothing
 This function is called by:
		_setOutputs
 This function uses a non-reentrant model


 *************** function _Write_b_eep *****************
 Defined at:
		line 50 in file "plib/EEP/write_B.c"
 Parameters:    Size  Location     Type
  badd            2   31[COMRAM] unsigned int 
  bdat            1   33[COMRAM] unsigned char 
 Auto vars:     Size  Location     Type
  GIE_BIT_VAL     1   35[COMRAM] unsigned char 
 Return value:  Size  Location     Type
		None               void
 Registers used:
		wreg, status,2, status,0
 Tracked objects:
		On entry : 
		On exit  : 
		Unchanged: 
 Data sizes:     COMRAM   BANK0   BANK1   BANK2   BANK3   BANK4   BANK5   BANK6   BANK7
      Params:         3       0       0       0       0       0       0       0       0
      Locals:         1       0       0       0       0       0       0       0       0
      Temps:          1       0       0       0       0       0       0       0       0
      Totals:         5       0       0       0       0       0       0       0       0
Total ram usage:        5 bytes
 Hardware stack levels used:    1
 Hardware stack levels required when called:    2
 This function calls:
		Nothing
 This function is called by:
		_main
 This function uses a non-reentrant model


 *************** function _Busy_eep *****************
 Defined at:
		line 13 in file "plib/EEP/busy_eep.c"
 Parameters:    Size  Location     Type
		None
 Auto vars:     Size  Location     Type
		None
 Return value:  Size  Location     Type
		None               void
 Registers used:
		None
 Tracked objects:
		On entry : 
		On exit  : 
		Unchanged: 
 Data sizes:     COMRAM   BANK0   BANK1   BANK2   BANK3   BANK4   BANK5   BANK6   BANK7
      Params:         0       0       0       0       0       0       0       0       0
      Locals:         0       0       0       0       0       0       0       0       0
      Temps:          0       0       0       0       0       0       0       0       0
      Totals:         0       0       0       0       0       0       0       0       0
Total ram usage:        0 bytes
 Hardware stack levels used:    1
 Hardware stack levels required when called:    2
 This function calls:
		Nothing
 This function is called by:
		_main
 This function uses a non-reentrant model


 *************** function _pwm_int *****************
 Defined at:
		line 25 in file "../switch_pods.c"
 Parameters:    Size  Location     Type
		None
 Auto vars:     Size  Location     Type
  i               2   29[COMRAM] unsigned int 
 Return value:  Size  Location     Type
		None               void
 Registers used:
		wreg, fsr2l, fsr2h, status,2, status,0, cstack
 Tracked objects:
		On entry : 
		On exit  : 
		Unchanged: 
 Data sizes:     COMRAM   BANK0   BANK1   BANK2   BANK3   BANK4   BANK5   BANK6   BANK7
      Params:         0       0       0       0       0       0       0       0       0
      Locals:         2       0       0       0       0       0       0       0       0
      Temps:         20       0       0       0       0       0       0       0       0
      Totals:        22       0       0       0       0       0       0       0       0
Total ram usage:       22 bytes
 Hardware stack levels used:    1
 Hardware stack levels required when called:    1
 This function calls:
		i2_WriteTimer0
		i2_setOutput
 This function is called by:
		Interrupt level 2
 This function uses a non-reentrant model


 *************** function i2_setOutput *****************
 Defined at:
		line 370 in file "../switch_pods.c"
 Parameters:    Size  Location     Type
  setOutput       2    0[COMRAM] unsigned int 
  setOutput       2    2[COMRAM] unsigned int 
 Auto vars:     Size  Location     Type
  setOutput       2    6[COMRAM] volatile unsigned int 
  setOutput       1    8[COMRAM] volatile unsigned char 
 Return value:  Size  Location     Type
		None               void
 Registers used:
		wreg, status,2, status,0
 Tracked objects:
		On entry : 
		On exit  : 
		Unchanged: 
 Data sizes:     COMRAM   BANK0   BANK1   BANK2   BANK3   BANK4   BANK5   BANK6   BANK7
      Params:         4       0       0       0       0       0       0       0       0
      Locals:         3       0       0       0       0       0       0       0       0
      Temps:          2       0       0       0       0       0       0       0       0
      Totals:         9       0       0       0       0       0       0       0       0
Total ram usage:        9 bytes
 Hardware stack levels used:    1
 This function calls:
		Nothing
 This function is called by:
		_pwm_int
 This function uses a non-reentrant model


 *************** function i2_WriteTimer0 *****************
 Defined at:
		line 17 in file "plib/Timers/t0write.c"
 Parameters:    Size  Location     Type
  WriteTimer0     2    0[COMRAM] unsigned int 
 Auto vars:     Size  Location     Type
  WriteTimer0     2    2[COMRAM] struct Timers
 Return value:  Size  Location     Type
		None               void
 Registers used:
		None
 Tracked objects:
		On entry : 
		On exit  : 
		Unchanged: 
 Data sizes:     COMRAM   BANK0   BANK1   BANK2   BANK3   BANK4   BANK5   BANK6   BANK7
      Params:         2       0       0       0       0       0       0       0       0
      Locals:         2       0       0       0       0       0       0       0       0
      Temps:          0       0       0       0       0       0       0       0       0
      Totals:         4       0       0       0       0       0       0       0       0
Total ram usage:        4 bytes
 Hardware stack levels used:    1
 This function calls:
		Nothing
 This function is called by:
		_pwm_int
 This function uses a non-reentrant model



MODULE INFORMATION

Module		Function		Class		Link	Load	Size
plib/Timers/t0open.c
		_OpenTimer0    		CODE           	153A	0000	34

plib/Timers/t0open.c estimated size: 34

plib/ADC/adcread.c
		_ReadADC       		CODE           	15BC	0000	12

plib/ADC/adcread.c estimated size: 12

shared
		__initializatio		CODE           	1372	0000	128
		i2_WriteTimer0 		CODE           	159C	0000	18
		i2_setOutput   		CODE           	1180	0000	278

shared estimated size: 424

plib/EEP/busy_eep.c
		_Busy_eep      		CODE           	15AE	0000	14

plib/EEP/busy_eep.c estimated size: 14

plib/Timers/t0write.c
		_WriteTimer0   		CODE           	158A	0000	18

plib/Timers/t0write.c estimated size: 18

plib/EEP/write_B.c
		_Write_b_eep   		CODE           	14AA	0000	72

plib/EEP/write_B.c estimated size: 72

../switch_pods.c
		_setupIO       		CODE           	0F04	0000	358
		_main          		CODE           	0220	0000	3300
		_setOutput     		CODE           	106A	0000	278
		_setOutputs    		CODE           	1456	0000	84
		_pwm_int       		CODE           	0008	0000	532
		__delay_ms     		CODE           	13F8	0000	94
		_checkButton   		CODE           	1296	0000	220

../switch_pods.c estimated size: 4866

plib/ADC/adcbusy.c
		_BusyADC       		CODE           	15C8	0000	8

plib/ADC/adcbusy.c estimated size: 8

plib/EEP/read_B.c
		_Read_b_eep    		CODE           	155C	0000	26

plib/EEP/read_B.c estimated size: 26

plib/ADC/adcconv.c
		_ConvertADC    		CODE           	15D0	0000	4

plib/ADC/adcconv.c estimated size: 4

