HI-TECH Software XC8 Compiler V1.00 ()

Linker command line:

--edf=/opt/microchip/xc8/v1.00/dat/en_msgs.txt -cs \
  -h+dist/default/production/switchpods_proj.X.production.sym -z -Q18F65K22 \
  -ol.obj -Mdist/default/production/switchpods_proj.X.production.map -E1 \
  -ver=XC8 -ACODE=00h-07FFFh -ACONST=00h-07FFFh \
  -ASMALLCONST=0800h-08FFhx120 -AMEDIUMCONST=0800h-07FFFh -ACOMRAM=01h-05Fh \
  -AABS1=00h-07FFh -ABIGRAM=01h-07FFh -ARAM=060h-0FFh,0100h-01FFhx7 \
  -ABANK0=060h-0FFh -ABANK1=0100h-01FFh -ABANK2=0200h-02FFh \
  -ABANK3=0300h-03FFh -ABANK4=0400h-04FFh -ABANK5=0500h-05FFh \
  -ABANK6=0600h-06FFh -ABANK7=0700h-07FFh -ASFR=0F16h-0F5Fh,0F60h-0FFFh \
  -preset_vec=00h,intcode,intcodelo,powerup,init,end_init -pramtop=0800h \
  -psmallconst=SMALLCONST -pmediumconst=MEDIUMCONST -pconst=CONST \
  -AFARRAM=00h-00h -ACONFIG=0300000h-030000Dh -pconfig=CONFIG \
  -AIDLOC=0200000h-0200007h -pidloc=IDLOC -AEEDATA=0F00000h-0F003FFh \
  -peeprom_data=EEDATA \
  -prdata=COMRAM,nvrram=COMRAM,nvbit=COMRAM,rbss=COMRAM,rbit=COMRAM \
  -pfarbss=FARRAM,fardata=FARRAM \
  -pintsave_regs=BIGRAM,bigbss=BIGRAM,bigdata=BIGRAM -pbss=RAM \
  -pidata=CODE,irdata=CODE,ibigdata=CODE,ifardata=CODE /tmp/cgteEL6s4.obj \
  dist/default/production/switchpods_proj.X.production.obj 

Object code version is 3.10

Machine type is 18F65K22

Call graph: (short form)




                Name                               Link     Load   Length Selector   Space Scale
/tmp/cgteEL6s4.obj
                end_init                              0        0        4        0       0
                idloc                            200000   200000        8   200000       0
                config                           300000   300000        E   300000       0
dist/default/production/switchpods_proj.X.production.obj
                text5                              74D8     74D8      116     3A6C       0
                text4                              7388     7388       74     39C4       0
                text3                              73FC     73FC       DC     39FE       0
                text2                              72C0     72C0        2     3960       0
                text1                              72C2     72C2        2     3961       0
                text0                              75EE     75EE      A12     3AF7       0
                cstackCOMRAM                         25       25       18        1       1
                cstackBANK1                         100      100       A6      100       1
                dataBANK1                           1A6      1A6       48      100       1
                bssBANK1                            1EE      1EE       12      100       1
                bssBANK0                             60       60       12       60       1
                dataCOMRAM                           3D       3D       12        1       1
                bssCOMRAM                             1        1       24        1       1
                cinit                              731E     731E       6A     398F       0
                idataBANK1                         72D6     72D6       48     72D6       0
                idataCOMRAM                        72C4     72C4       12     72C4       0

TOTAL           Name                               Link     Load   Length     Space
        CLASS   CODE           
                end_init                              0        0        4         0
                text5                              74D8     74D8      116         0
                text4                              7388     7388       74         0
                text3                              73FC     73FC       DC         0
                text2                              72C0     72C0        2         0
                text1                              72C2     72C2        2         0
                text0                              75EE     75EE      A12         0
                cinit                              731E     731E       6A         0
                idataBANK1                         72D6     72D6       48         0
                idataCOMRAM                        72C4     72C4       12         0

        CLASS   CONST          

        CLASS   SMALLCONST     

        CLASS   MEDIUMCONST    

        CLASS   COMRAM         
                cstackCOMRAM                         25       25       18         1
                dataCOMRAM                           3D       3D       12         1
                bssCOMRAM                             1        1       24         1

        CLASS   ABS1           

        CLASS   BIGRAM         

        CLASS   RAM            

        CLASS   BANK0          
                bssBANK0                             60       60       12         1

        CLASS   BANK1          
                cstackBANK1                         100      100       A6         1
                dataBANK1                           1A6      1A6       48         1
                bssBANK1                            1EE      1EE       12         1

        CLASS   BANK2          

        CLASS   BANK3          

        CLASS   BANK4          

        CLASS   BANK5          

        CLASS   BANK6          

        CLASS   BANK7          

        CLASS   SFR            

        CLASS   FARRAM         

        CLASS   CONFIG         
                config                           300000   300000        E         0

        CLASS   IDLOC          
                idloc                            200000   200000        8         0

        CLASS   EEDATA         



SEGMENTS        Name                           Load    Length   Top    Selector   Space  Class

                reset_vec                      000000  000004  000004         0       0  CODE    
                bssCOMRAM                      000001  00004E  00004F         1       1  COMRAM  
                bssBANK0                       000060  000012  000072        60       1  BANK0   
                cstackBANK1                    000100  000100  000200       100       1  BANK1   
                text2                          0072C0  000002  0072C2      3960       0  CODE    
                text1                          0072C2  000002  0072C4      3961       0  CODE    
                idataCOMRAM                    0072C4  000012  0072D6      72C4       0  CODE    
                idataBANK1                     0072D6  000048  00731E      72D6       0  CODE    
                cinit                          00731E  00006A  007388      398F       0  CODE    
                text4                          007388  000074  0073FC      39C4       0  CODE    
                text3                          0073FC  0000DC  0074D8      39FE       0  CODE    
                text5                          0074D8  000116  0075EE      3A6C       0  CODE    
                text0                          0075EE  000A12  008000      3AF7       0  CODE    
                idloc                          200000  000008  200008    200000       0  IDLOC   
                config                         300000  00000E  30000E    300000       0  CONFIG  


UNUSED ADDRESS RANGES

        Name                Unused          Largest block    Delta
        BANK0            000072-0000FF               8E
        BANK2            000200-0002FF              100
        BANK3            000300-0003FF              100
        BANK4            000400-0004FF              100
        BANK5            000500-0005FF              100
        BANK6            000600-0006FF              100
        BANK7            000700-0007FF              100
        BIGRAM           00004F-00005F               11
                         000072-0000FF               8E
                         000200-0007FF              600
        CODE             000004-0072BF             72BC
        COMRAM           00004F-00005F               11
        CONST            000004-0072BF             72BC
        EEDATA           F00000-F003FF              400
        MEDIUMCONST      000800-0072BF             6AC0
        RAM              000072-0000FF               8E
                         000200-0007FF              100
        SFR              000F16-000FFF               4A
        SMALLCONST       000800-0072BF              100

                                  Symbol Table

??__delay_ms          cstackCOMRAM 000027
??_checkButton        cstackCOMRAM 000027
??_main               cstackCOMRAM 000038
??_setOutput          cstackCOMRAM 000029
??_setOutputs         cstackCOMRAM 000038
??_setupIO            cstackCOMRAM 000029
?__delay_ms           cstackCOMRAM 000025
?_checkButton         cstackCOMRAM 000025
?_main                cstackCOMRAM 000025
?_setOutput           cstackCOMRAM 000025
?_setOutputs          cstackCOMRAM 00002E
?_setupIO             cstackCOMRAM 000025
_LATA                 (abs)        000F89
_LATB                 (abs)        000F8A
_LATC                 (abs)        000F8B
_LATD                 (abs)        000F8C
_LATE                 (abs)        000F8D
_LATF                 (abs)        000F8E
_LATG                 (abs)        000F8F
_PORTA                (abs)        000F80
_PORTB                (abs)        000F81
_PORTC                (abs)        000F82
_PORTD                (abs)        000F83
_PORTE                (abs)        000F84
_PORTF                (abs)        000F85
_PORTG                (abs)        000F86
__HRAM                (abs)        000000
__Habs1               abs1         000000
__Hbank0              bank0        000000
__Hbank1              bank1        000000
__Hbank2              bank2        000000
__Hbank3              bank3        000000
__Hbank4              bank4        000000
__Hbank5              bank5        000000
__Hbank6              bank6        000000
__Hbank7              bank7        000000
__Hbigbss             bigbss       000000
__Hbigdata            bigdata      000000
__Hbigram             bigram       000000
__Hbss                bss          000000
__HbssBANK0           bssBANK0     000000
__HbssBANK1           bssBANK1     000000
__HbssCOMRAM          bssCOMRAM    000000
__Hcinit              cinit        000000
__Hclrtext            clrtext      000000
__Hcomram             comram       000000
__Hconfig             config       30000E
__Hconst              const        000000
__HcstackBANK1        cstackBANK1  000000
__HcstackCOMRAM       cstackCOMRAM 000000
__Hdata               data         000000
__HdataBANK1          dataBANK1    000000
__HdataCOMRAM         dataCOMRAM   000000
__Heeprom_data        eeprom_data  000000
__Hend_init           end_init     000004
__Hfarbss             farbss       000000
__Hfardata            fardata      000000
__Hibigdata           ibigdata     000000
__Hidata              idata        000000
__HidataBANK1         idataBANK1   000000
__HidataCOMRAM        idataCOMRAM  000000
__Hidloc              idloc        200008
__Hifardata           ifardata     000000
__Hinit               init         000000
__Hintcode            intcode      000000
__Hintcode_body       intcode_body 000000
__Hintcodelo          intcodelo    000000
__Hintentry           intentry     000000
__Hintret             intret       000000
__Hintsave_regs       intsave_regs 000000
__Hirdata             irdata       000000
__Hmediumconst        mediumconst  000000
__Hnvbit              nvbit        000000
__Hnvrram             nvrram       000000
__Hparam              rparam       000000
__Hpowerup            powerup      000000
__Hram                ram          000000
__Hramtop             ramtop       000800
__Hrbit               rbit         000000
__Hrbss               rbss         000000
__Hrdata              rdata        000000
__Hreset_vec          reset_vec    000000
__Hrparam             rparam       000000
__Hsfr                sfr          000000
__Hsmallconst         smallconst   000000
__Hstruct             struct       000000
__Htemp               temp         000000
__Htext               text         000000
__Htext0              text0        000000
__Htext1              text1        000000
__Htext2              text2        000000
__Htext3              text3        000000
__Htext4              text4        000000
__Htext5              text5        000000
__Htext6              text6        000000
__LRAM                (abs)        000001
__Labs1               abs1         000000
__Lbank0              bank0        000000
__Lbank1              bank1        000000
__Lbank2              bank2        000000
__Lbank3              bank3        000000
__Lbank4              bank4        000000
__Lbank5              bank5        000000
__Lbank6              bank6        000000
__Lbank7              bank7        000000
__Lbigbss             bigbss       000000
__Lbigdata            bigdata      000000
__Lbigram             bigram       000000
__Lbss                bss          000000
__LbssBANK0           bssBANK0     000000
__LbssBANK1           bssBANK1     000000
__LbssCOMRAM          bssCOMRAM    000000
__Lcinit              cinit        000000
__Lclrtext            clrtext      000000
__Lcomram             comram       000000
__Lconfig             config       300000
__Lconst              const        000000
__LcstackBANK1        cstackBANK1  000000
__LcstackCOMRAM       cstackCOMRAM 000000
__Ldata               data         000000
__LdataBANK1          dataBANK1    000000
__LdataCOMRAM         dataCOMRAM   000000
__Leeprom_data        eeprom_data  000000
__Lend_init           end_init     000000
__Lfarbss             farbss       000000
__Lfardata            fardata      000000
__Libigdata           ibigdata     000000
__Lidata              idata        000000
__LidataBANK1         idataBANK1   000000
__LidataCOMRAM        idataCOMRAM  000000
__Lidloc              idloc        200000
__Lifardata           ifardata     000000
__Linit               init         000000
__Lintcode            intcode      000000
__Lintcode_body       intcode_body 000000
__Lintcodelo          intcodelo    000000
__Lintentry           intentry     000000
__Lintret             intret       000000
__Lintsave_regs       intsave_regs 000000
__Lirdata             irdata       000000
__Lmediumconst        mediumconst  000000
__Lnvbit              nvbit        000000
__Lnvrram             nvrram       000000
__Lparam              rparam       000000
__Lpowerup            powerup      000000
__Lram                ram          000000
__Lramtop             ramtop       000800
__Lrbit               rbit         000000
__Lrbss               rbss         000000
__Lrdata              rdata        000000
__Lreset_vec          reset_vec    000000
__Lrparam             rparam       000000
__Lsfr                sfr          000000
__Lsmallconst         smallconst   000000
__Lstruct             struct       000000
__Ltemp               temp         000000
__Ltext               text         000000
__Ltext0              text0        000000
__Ltext1              text1        000000
__Ltext2              text2        000000
__Ltext3              text3        000000
__Ltext4              text4        000000
__Ltext5              text5        000000
__Ltext6              text6        000000
__S0                  (abs)        30000E
__S1                  (abs)        000200
__accesstop           (abs)        000060
__activetblptr        (abs)        000000
__delay_ms            text2        0072C0
__delay_ms@ms         cstackCOMRAM 000025
__end_of__delay_ms    text2        0072C2
__end_of_checkButton  text3        0074D8
__end_of_main         text0        008000
__end_of_setOutput    text5        0075EE
__end_of_setOutputs   text4        0073FC
__end_of_setupIO      text1        0072C4
__mediumconst         mediumconst  000000
__pbssBANK0           bssBANK0     000060
__pbssBANK1           bssBANK1     0001EE
__pbssCOMRAM          bssCOMRAM    000001
__pcinit              cinit        00731E
__pcstackBANK1        cstackBANK1  000100
__pcstackCOMRAM       cstackCOMRAM 000025
__pdataBANK1          dataBANK1    0001A6
__pdataCOMRAM         dataCOMRAM   00003D
__pidataBANK1         idataBANK1   0072D6
__pidataCOMRAM        idataCOMRAM  0072C4
__ptext0              text0        0075EE
__ptext1              text1        0072C2
__ptext2              text2        0072C0
__ptext3              text3        0073FC
__ptext4              text4        007388
__ptext5              text5        0074D8
__ptext6              text6        000000
__ramtop              ramtop       000800
__size_of__delay_ms   (abs)        000000
__size_of_checkButton (abs)        000000
__size_of_main        (abs)        000000
__size_of_setOutput   (abs)        000000
__size_of_setOutputs  (abs)        000000
__size_of_setupIO     (abs)        000000
__smallconst          smallconst   000000
_checkButton          text3        0073FC
_main                 text0        0075EE
_setOutput            text5        0074D8
_setOutputs           text4        007388
_setupIO              text1        0072C2
checkButton@mask      cstackCOMRAM 00002D
checkButton@port      cstackCOMRAM 000029
checkButton@row       cstackCOMRAM 000025
checkButton@state     cstackCOMRAM 00002B
end_of_initialization cinit        007382
intlevel0             text         000000
intlevel1             text         000000
intlevel2             text         000000
intlevel3             text         000000
main@F9048            dataBANK1    0001A6
main@F9050            dataBANK1    0001B8
main@F9052            dataBANK1    0001CA
main@F9054            dataBANK1    0001DC
main@F9056            bssBANK1     0001EE
main@F9058            bssCOMRAM    000001
main@F9060            bssCOMRAM    000013
main@F9062            dataCOMRAM   00003D
main@F9064            bssBANK0     000060
main@buttonDown       cstackBANK1  000124
main@buttonEventDown  cstackBANK1  000136
main@buttonEventUp    cstackBANK1  000190
main@buttonLatch      cstackBANK1  00016C
main@buttonMask       cstackBANK1  000100
main@buttonState      cstackBANK1  00017E
main@i                cstackBANK1  0001A4
main@leftLEDMask      cstackBANK1  000148
main@programState     cstackBANK1  0001A2
main@relayMask        cstackBANK1  000112
main@rightLEDMask     cstackBANK1  00015A
setOutput@mask        cstackCOMRAM 00002D
setOutput@port        cstackCOMRAM 00002B
setOutput@row         cstackCOMRAM 000025
setOutput@value       cstackCOMRAM 000027
setOutputs@alwayson   cstackCOMRAM 00002E
setOutputs@leftled    cstackCOMRAM 000030
setOutputs@relay      cstackCOMRAM 000034
setOutputs@rightled   cstackCOMRAM 000032
setOutputs@value      cstackCOMRAM 000036
setupIO@direction     cstackCOMRAM 000027
setupIO@row           cstackCOMRAM 000025
start                 init         000000
start_initialization  cinit        00731E
