HI-TECH Software XC8 Compiler V1.00 ()

Linker command line:

--edf=/opt/microchip/xc8/v1.00/dat/en_msgs.txt -cs \
  -h+dist/default/production/switchpods_proj.X.production.sym -z -Q18F65K22 \
  -ol.obj -Mdist/default/production/switchpods_proj.X.production.map -E1 \
  -ver=XC8 -ACODE=00h-07FFFh -ACONST=00h-07FFFh \
  -ASMALLCONST=0800h-08FFhx120 -AMEDIUMCONST=0800h-07FFFh -ACOMRAM=01h-05Fh \
  -AABS1=00h-07FFh -ABIGRAM=01h-07FFh -ARAM=060h-0FFh,0100h-01FFhx7 \
  -ABANK0=060h-0FFh -ABANK1=0100h-01FFh -ABANK2=0200h-02FFh \
  -ABANK3=0300h-03FFh -ABANK4=0400h-04FFh -ABANK5=0500h-05FFh \
  -ABANK6=0600h-06FFh -ABANK7=0700h-07FFh -ASFR=0F16h-0F5Fh,0F60h-0FFFh \
  -preset_vec=00h,intcode=08h,intcodelo,powerup,init,end_init \
  -pramtop=0800h -psmallconst=SMALLCONST -pmediumconst=MEDIUMCONST \
  -pconst=CONST -AFARRAM=00h-00h -ACONFIG=0300000h-030000Dh -pconfig=CONFIG \
  -AIDLOC=0200000h-0200007h -pidloc=IDLOC -AEEDATA=0F00000h-0F003FFh \
  -peeprom_data=EEDATA \
  -prdata=COMRAM,nvrram=COMRAM,nvbit=COMRAM,rbss=COMRAM,rbit=COMRAM \
  -pfarbss=FARRAM,fardata=FARRAM \
  -pintsave_regs=BIGRAM,bigbss=BIGRAM,bigdata=BIGRAM -pbss=RAM \
  -pidata=CODE,irdata=CODE,ibigdata=CODE,ifardata=CODE /tmp/cgtfiIkAk.obj \
  dist/default/production/switchpods_proj.X.production.obj 

Object code version is 3.10

Machine type is 18F65K22

Call graph: (short form)




                Name                               Link     Load   Length Selector   Space Scale
/tmp/cgtfiIkAk.obj
                end_init                            1FC      1FC        4        4       0
                reset_vec                             0        0        4        0       0
                idloc                            200000   200000        8   200000       0
                config                           300000   300000        E   300000       0
dist/default/production/switchpods_proj.X.production.obj
                intcode                               8        8      1F4        4       0
                text16                             153C     153C       12        4       0
                text15                             11D2     11D2      116        4       0
                text13                             154E     154E        E        4       0
                text12                             1440     1440       34        4       0
                text11                              F18      F18      17C        4       0
                text10                             13F8     13F8       48        4       0
                text9                              1094     1094      13E        4       0
                text8                              152A     152A       12        4       0
                text7                              155C     155C        8        4       0
                text6                              12E8     12E8       8A        4       0
                text5                              14E8     14E8       1E        4       0
                text4                               D8E      D8E      18A        4       0
                text3                              1564     1564        4        4       0
                text2                              1474     1474       2A        4       0
                text1                              1518     1518       12        4       0
                text0                               200      200      B8E        4       0
                cstackCOMRAM                         27       27       1D        1       1
                cstackBANK0                          84       84       15       60       1
                cstackBANK1                         100      100       60      100       1
                dataBANK1                           1A8      1A8       12      100       1
                bssBANK1                            160      160       48      100       1
                dataBANK0                            60       60       24       60       1
                bssBANK0                             99       99       12       60       1
                dataCOMRAM                            1        1       26        1       1
                bssCOMRAM                            44       44        4        1       1
                cinit                              1372     1372       86        4       0
                idataBANK1                         1506     1506       12        4       0
                idataBANK0                         14C4     14C4       24        4       0
                idataCOMRAM                        149E     149E       26        4       0

TOTAL           Name                               Link     Load   Length     Space
        CLASS   CODE           
                end_init                            1FC      1FC        4         0
                intcode                               8        8      1F4         0
                reset_vec                             0        0        4         0
                text16                             153C     153C       12         0
                text15                             11D2     11D2      116         0
                text13                             154E     154E        E         0
                text12                             1440     1440       34         0
                text11                              F18      F18      17C         0
                text10                             13F8     13F8       48         0
                text9                              1094     1094      13E         0
                text8                              152A     152A       12         0
                text7                              155C     155C        8         0
                text6                              12E8     12E8       8A         0
                text5                              14E8     14E8       1E         0
                text4                               D8E      D8E      18A         0
                text3                              1564     1564        4         0
                text2                              1474     1474       2A         0
                text1                              1518     1518       12         0
                text0                               200      200      B8E         0
                cinit                              1372     1372       86         0
                idataBANK1                         1506     1506       12         0
                idataBANK0                         14C4     14C4       24         0
                idataCOMRAM                        149E     149E       26         0

        CLASS   CONST          

        CLASS   SMALLCONST     

        CLASS   MEDIUMCONST    

        CLASS   COMRAM         
                cstackCOMRAM                         27       27       1D         1
                dataCOMRAM                            1        1       26         1
                bssCOMRAM                            44       44        4         1

        CLASS   ABS1           

        CLASS   BIGRAM         

        CLASS   RAM            

        CLASS   BANK0          
                cstackBANK0                          84       84       15         1
                dataBANK0                            60       60       24         1
                bssBANK0                             99       99       12         1

        CLASS   BANK1          
                cstackBANK1                         100      100       60         1
                dataBANK1                           1A8      1A8       12         1
                bssBANK1                            160      160       48         1

        CLASS   BANK2          

        CLASS   BANK3          

        CLASS   BANK4          

        CLASS   BANK5          

        CLASS   BANK6          

        CLASS   BANK7          

        CLASS   SFR            

        CLASS   FARRAM         

        CLASS   CONFIG         
                config                           300000   300000        E         0

        CLASS   IDLOC          
                idloc                            200000   200000        8         0

        CLASS   EEDATA         



SEGMENTS        Name                           Load    Length   Top    Selector   Space  Class

                reset_vec                      000000  000004  000004         0       0  CODE    
                dataCOMRAM                     000001  000047  000048         1       1  COMRAM  
                intcode                        000008  001560  001568         4       0  CODE    
                dataBANK0                      000060  00004B  0000AB        60       1  BANK0   
                cstackBANK1                    000100  0000BA  0001BA       100       1  BANK1   
                idloc                          200000  000008  200008    200000       0  IDLOC   
                config                         300000  00000E  30000E    300000       0  CONFIG  


UNUSED ADDRESS RANGES

        Name                Unused          Largest block    Delta
        BANK0            0000AB-0000FF               55
        BANK1            0001BA-0001FF               46
        BANK2            000200-0002FF              100
        BANK3            000300-0003FF              100
        BANK4            000400-0004FF              100
        BANK5            000500-0005FF              100
        BANK6            000600-0006FF              100
        BANK7            000700-0007FF              100
        BIGRAM           000048-00005F               18
                         0000AB-0000FF               55
                         0001BA-0007FF              646
        CODE             000004-000007                4
                         001568-007FFF             6A98
        COMRAM           000048-00005F               18
        CONST            000004-000007                4
                         001568-007FFF             6A98
        EEDATA           F00000-F003FF              400
        MEDIUMCONST      001568-007FFF             6A98
        RAM              0000AB-0000FF               55
                         0001BA-0007FF              100
        SFR              000F16-000FFF               4A
        SMALLCONST       001568-007FFF              100

                                  Symbol Table

??_BusyADC              cstackBANK0  000084
??_Busy_eep             cstackBANK0  000084
??_ConvertADC           cstackBANK0  000084
??_OpenTimer0           cstackBANK0  000085
??_ReadADC              cstackBANK0  000086
??_Read_b_eep           cstackBANK0  000086
??_WriteTimer0          cstackBANK0  000086
??_Write_b_eep          cstackBANK0  000087
??__delay_ms            cstackBANK0  000086
??_checkButton          cstackBANK0  000086
??_main                 cstackBANK0  000096
??_pwm_int              cstackCOMRAM 000030
??_setOutput            cstackBANK0  000088
??_setOutputs           cstackBANK0  000095
??_setupIO              cstackBANK0  000088
??i2_WriteTimer0        cstackCOMRAM 000029
??i2_setOutput          cstackCOMRAM 00002B
?_BusyADC               cstackCOMRAM 000027
?_Busy_eep              cstackCOMRAM 000027
?_ConvertADC            cstackCOMRAM 000027
?_OpenTimer0            cstackBANK0  000084
?_ReadADC               cstackBANK0  000084
?_Read_b_eep            cstackBANK0  000084
?_WriteTimer0           cstackBANK0  000084
?_Write_b_eep           cstackBANK0  000084
?__delay_ms             cstackBANK0  000084
?_checkButton           cstackBANK0  000084
?_main                  cstackCOMRAM 000027
?_pwm_int               cstackCOMRAM 000027
?_setOutput             cstackBANK0  000084
?_setOutputs            cstackBANK0  00008D
?_setupIO               cstackBANK0  000084
?i2_WriteTimer0         cstackCOMRAM 000027
?i2_setOutput           cstackCOMRAM 000027
OpenTimer0@config       cstackBANK0  000084
Read_b_eep@badd         cstackBANK0  000084
WriteTimer0@timer       cstackBANK0  000086
WriteTimer0@timer0      cstackBANK0  000084
Write_b_eep@badd        cstackBANK0  000084
Write_b_eep@bdat        cstackBANK0  000086
_ADCON0                 (abs)        000FC2
_ADCON0bits             (abs)        000FC2
_ADCON1                 (abs)        000FC1
_ADCON2                 (abs)        000FC0
_ADRESH                 (abs)        000FC4
_ADRESL                 (abs)        000FC3
_ANCON0                 (abs)        000F25
_ANCON1                 (abs)        000F24
_ANCON2                 (abs)        000F23
_BusyADC                text7        00155C
_Busy_eep               text13       00154E
_ConvertADC             text3        001564
_EEADR                  (abs)        000F62
_EEADRH                 (abs)        000F63
_EECON1bits             (abs)        000F7F
_EECON2                 (abs)        000F7E
_EEDATA                 (abs)        000F61
_INTCONbits             (abs)        000FF2
_LATA                   (abs)        000F89
_LATB                   (abs)        000F8A
_LATC                   (abs)        000F8B
_LATD                   (abs)        000F8C
_LATE                   (abs)        000F8D
_LATF                   (abs)        000F8E
_LATG                   (abs)        000F8F
_OpenTimer0             text2        001474
_PORTA                  (abs)        000F80
_PORTB                  (abs)        000F81
_PORTC                  (abs)        000F82
_PORTD                  (abs)        000F83
_PORTE                  (abs)        000F84
_PORTF                  (abs)        000F85
_PORTG                  (abs)        000F86
_ReadADC                text8        00152A
_Read_b_eep             text5        0014E8
_T0CON                  (abs)        000FD5
_T0CONbits              (abs)        000FD5
_TMR0H                  (abs)        000FD7
_TMR0IE                 (abs)        007F95
_TMR0IF                 (abs)        007F92
_TMR0L                  (abs)        000FD6
_TRISA                  (abs)        000F92
_TRISB                  (abs)        000F93
_TRISC                  (abs)        000F94
_TRISD                  (abs)        000F95
_TRISE                  (abs)        000F96
_TRISF                  (abs)        000F97
_TRISG                  (abs)        000F98
_WriteTimer0            text1        001518
_Write_b_eep            text12       001440
__CFG_BBSIZ$BB2K        (abs)        000000
__CFG_BOREN$SBORDIS     (abs)        000000
__CFG_BORPWR$ZPBORMV    (abs)        000000
__CFG_BORV$0            (abs)        000000
__CFG_CCP2MX$PORTC      (abs)        000000
__CFG_CP0$OFF           (abs)        000000
__CFG_CP1$OFF           (abs)        000000
__CFG_CP2$OFF           (abs)        000000
__CFG_CP3$OFF           (abs)        000000
__CFG_CPB$OFF           (abs)        000000
__CFG_CPD$OFF           (abs)        000000
__CFG_EBRT0$OFF         (abs)        000000
__CFG_EBRT1$OFF         (abs)        000000
__CFG_EBRT2$OFF         (abs)        000000
__CFG_EBRT3$OFF         (abs)        000000
__CFG_EBRTB$OFF         (abs)        000000
__CFG_FCMEN$OFF         (abs)        000000
__CFG_FOSC$INTIO2       (abs)        000000
__CFG_IESO$OFF          (abs)        000000
__CFG_INTOSCSEL$HIGH    (abs)        000000
__CFG_MCLRE$ON          (abs)        000000
__CFG_MSSPMSK$MSK7      (abs)        000000
__CFG_PLLCFG$OFF        (abs)        000000
__CFG_PWRTEN$OFF        (abs)        000000
__CFG_RETEN$ON          (abs)        000000
__CFG_RTCOSC$SOSCREF    (abs)        000000
__CFG_SOSCSEL$DIG       (abs)        000000
__CFG_STVREN$ON         (abs)        000000
__CFG_WDTEN$OFF         (abs)        000000
__CFG_WDTPS$1048576     (abs)        000000
__CFG_WRT0$OFF          (abs)        000000
__CFG_WRT1$OFF          (abs)        000000
__CFG_WRT2$OFF          (abs)        000000
__CFG_WRT3$OFF          (abs)        000000
__CFG_WRTB$OFF          (abs)        000000
__CFG_WRTC$OFF          (abs)        000000
__CFG_WRTD$OFF          (abs)        000000
__CFG_XINST$OFF         (abs)        000000
__HRAM                  (abs)        000000
__Habs1                 abs1         000000
__Hbank0                bank0        000000
__Hbank1                bank1        000000
__Hbank2                bank2        000000
__Hbank3                bank3        000000
__Hbank4                bank4        000000
__Hbank5                bank5        000000
__Hbank6                bank6        000000
__Hbank7                bank7        000000
__Hbigbss               bigbss       000000
__Hbigdata              bigdata      000000
__Hbigram               bigram       000000
__Hbss                  bss          000000
__HbssBANK0             bssBANK0     000000
__HbssBANK1             bssBANK1     000000
__HbssCOMRAM            bssCOMRAM    000000
__Hcinit                cinit        000000
__Hclrtext              clrtext      000000
__Hcomram               comram       000000
__Hconfig               config       30000E
__Hconst                const        000000
__HcstackBANK0          cstackBANK0  000000
__HcstackBANK1          cstackBANK1  000000
__HcstackCOMRAM         cstackCOMRAM 000000
__Hdata                 data         000000
__HdataBANK0            dataBANK0    000000
__HdataBANK1            dataBANK1    000000
__HdataCOMRAM           dataCOMRAM   000000
__Heeprom_data          eeprom_data  000000
__Hend_init             end_init     000200
__Hfarbss               farbss       000000
__Hfardata              fardata      000000
__Hibigdata             ibigdata     000000
__Hidata                idata        000000
__HidataBANK0           idataBANK0   000000
__HidataBANK1           idataBANK1   000000
__HidataCOMRAM          idataCOMRAM  000000
__Hidloc                idloc        200008
__Hifardata             ifardata     000000
__Hinit                 init         0001FC
__Hintcode              intcode      0001FC
__Hintcode_body         intcode_body 000000
__Hintcodelo            intcodelo    0001FC
__Hintentry             intentry     000000
__Hintret               intret       000000
__Hintsave_regs         intsave_regs 000000
__Hirdata               irdata       000000
__Hmediumconst          mediumconst  000000
__Hnvbit                nvbit        000000
__Hnvrram               nvrram       000000
__Hparam                rparam       000000
__Hpowerup              powerup      0001FC
__Hram                  ram          000000
__Hramtop               ramtop       000800
__Hrbit                 rbit         000000
__Hrbss                 rbss         000000
__Hrdata                rdata        000000
__Hreset_vec            reset_vec    000004
__Hrparam               rparam       000000
__Hsfr                  sfr          000000
__Hsmallconst           smallconst   000000
__Hstruct               struct       000000
__Htemp                 temp         000000
__Htext                 text         000000
__Htext0                text0        000000
__Htext1                text1        000000
__Htext10               text10       000000
__Htext11               text11       000000
__Htext12               text12       000000
__Htext13               text13       000000
__Htext15               text15       000000
__Htext16               text16       000000
__Htext17               text17       000000
__Htext2                text2        000000
__Htext3                text3        000000
__Htext4                text4        000000
__Htext5                text5        000000
__Htext6                text6        000000
__Htext7                text7        000000
__Htext8                text8        000000
__Htext9                text9        000000
__LRAM                  (abs)        000001
__Labs1                 abs1         000000
__Lbank0                bank0        000000
__Lbank1                bank1        000000
__Lbank2                bank2        000000
__Lbank3                bank3        000000
__Lbank4                bank4        000000
__Lbank5                bank5        000000
__Lbank6                bank6        000000
__Lbank7                bank7        000000
__Lbigbss               bigbss       000000
__Lbigdata              bigdata      000000
__Lbigram               bigram       000000
__Lbss                  bss          000000
__LbssBANK0             bssBANK0     000000
__LbssBANK1             bssBANK1     000000
__LbssCOMRAM            bssCOMRAM    000000
__Lcinit                cinit        000000
__Lclrtext              clrtext      000000
__Lcomram               comram       000000
__Lconfig               config       300000
__Lconst                const        000000
__LcstackBANK0          cstackBANK0  000000
__LcstackBANK1          cstackBANK1  000000
__LcstackCOMRAM         cstackCOMRAM 000000
__Ldata                 data         000000
__LdataBANK0            dataBANK0    000000
__LdataBANK1            dataBANK1    000000
__LdataCOMRAM           dataCOMRAM   000000
__Leeprom_data          eeprom_data  000000
__Lend_init             end_init     0001FC
__Lfarbss               farbss       000000
__Lfardata              fardata      000000
__Libigdata             ibigdata     000000
__Lidata                idata        000000
__LidataBANK0           idataBANK0   000000
__LidataBANK1           idataBANK1   000000
__LidataCOMRAM          idataCOMRAM  000000
__Lidloc                idloc        200000
__Lifardata             ifardata     000000
__Linit                 init         0001FC
__Lintcode              intcode      000008
__Lintcode_body         intcode_body 000000
__Lintcodelo            intcodelo    0001FC
__Lintentry             intentry     000000
__Lintret               intret       000000
__Lintsave_regs         intsave_regs 000000
__Lirdata               irdata       000000
__Lmediumconst          mediumconst  000000
__Lnvbit                nvbit        000000
__Lnvrram               nvrram       000000
__Lparam                rparam       000000
__Lpowerup              powerup      0001FC
__Lram                  ram          000000
__Lramtop               ramtop       000800
__Lrbit                 rbit         000000
__Lrbss                 rbss         000000
__Lrdata                rdata        000000
__Lreset_vec            reset_vec    000000
__Lrparam               rparam       000000
__Lsfr                  sfr          000000
__Lsmallconst           smallconst   000000
__Lstruct               struct       000000
__Ltemp                 temp         000000
__Ltext                 text         000000
__Ltext0                text0        000000
__Ltext1                text1        000000
__Ltext10               text10       000000
__Ltext11               text11       000000
__Ltext12               text12       000000
__Ltext13               text13       000000
__Ltext15               text15       000000
__Ltext16               text16       000000
__Ltext17               text17       000000
__Ltext2                text2        000000
__Ltext3                text3        000000
__Ltext4                text4        000000
__Ltext5                text5        000000
__Ltext6                text6        000000
__Ltext7                text7        000000
__Ltext8                text8        000000
__Ltext9                text9        000000
__S0                    (abs)        30000E
__S1                    (abs)        0001BA
__accesstop             (abs)        000060
__activetblptr          (abs)        000000
__delay_ms              text6        0012E8
__delay_ms@i            cstackBANK0  000086
__delay_ms@j            cstackBANK0  000088
__delay_ms@ms           cstackBANK0  000084
__end_of_BusyADC        text7        001564
__end_of_Busy_eep       text13       00155C
__end_of_ConvertADC     text3        001568
__end_of_OpenTimer0     text2        00149E
__end_of_ReadADC        text8        00153C
__end_of_Read_b_eep     text5        001506
__end_of_WriteTimer0    text1        00152A
__end_of_Write_b_eep    text12       001474
__end_of__delay_ms      text6        001372
__end_of_checkButton    text9        0011D2
__end_of_main           text0        000D8E
__end_of_pwm_int        intcode      0001FC
__end_of_setOutput      text11       001094
__end_of_setOutputs     text10       001440
__end_of_setupIO        text4        000F18
__end_ofi2_WriteTimer0  text16       00154E
__end_ofi2_setOutput    text15       0012E8
__mediumconst           mediumconst  000000
__pbssBANK0             bssBANK0     000099
__pbssBANK1             bssBANK1     000160
__pbssCOMRAM            bssCOMRAM    000044
__pcinit                cinit        001372
__pcstackBANK0          cstackBANK0  000084
__pcstackBANK1          cstackBANK1  000100
__pcstackCOMRAM         cstackCOMRAM 000027
__pdataBANK0            dataBANK0    000060
__pdataBANK1            dataBANK1    0001A8
__pdataCOMRAM           dataCOMRAM   000001
__pidataBANK0           idataBANK0   0014C4
__pidataBANK1           idataBANK1   001506
__pidataCOMRAM          idataCOMRAM  00149E
__pintcode              intcode      000008
__ptext0                text0        000200
__ptext1                text1        001518
__ptext10               text10       0013F8
__ptext11               text11       000F18
__ptext12               text12       001440
__ptext13               text13       00154E
__ptext15               text15       0011D2
__ptext16               text16       00153C
__ptext17               text17       000000
__ptext2                text2        001474
__ptext3                text3        001564
__ptext4                text4        000D8E
__ptext5                text5        0014E8
__ptext6                text6        0012E8
__ptext7                text7        00155C
__ptext8                text8        00152A
__ptext9                text9        001094
__ramtop                ramtop       000800
__size_of_BusyADC       (abs)        000000
__size_of_Busy_eep      (abs)        000000
__size_of_ConvertADC    (abs)        000000
__size_of_OpenTimer0    (abs)        000000
__size_of_ReadADC       (abs)        000000
__size_of_Read_b_eep    (abs)        000000
__size_of_WriteTimer0   (abs)        000000
__size_of_Write_b_eep   (abs)        000000
__size_of__delay_ms     (abs)        000000
__size_of_checkButton   (abs)        000000
__size_of_main          (abs)        000000
__size_of_pwm_int       (abs)        000000
__size_of_setOutput     (abs)        000000
__size_of_setOutputs    (abs)        000000
__size_of_setupIO       (abs)        000000
__size_ofi2_WriteTimer0 (abs)        000000
__size_ofi2_setOutput   (abs)        000000
__smallconst            smallconst   000000
_buttonMask             dataBANK0    000060
_checkButton            text9        001094
_leftLEDMask            dataCOMRAM   000001
_main                   text0        000200
_outputAlwaysOnFlag     bssCOMRAM    000044
_outputFlag             bssBANK0     000099
_outputHighLength       dataCOMRAM   000025
_outputPWMState         bssCOMRAM    000046
_pwm_int                intcode      000008
_relayMask              dataBANK0    000072
_rightLEDMask           dataCOMRAM   000013
_setOutput              text11       000F18
_setOutputs             text10       0013F8
_setupIO                text4        000D8E
checkButton@mask        cstackBANK0  00008C
checkButton@port        cstackBANK0  000088
checkButton@row         cstackBANK0  000084
checkButton@state       cstackBANK0  00008A
end_of_initialization   cinit        0013F2
i2WriteTimer0@timer     cstackCOMRAM 000029
i2WriteTimer0@timer0    cstackCOMRAM 000027
i2_WriteTimer0          text16       00153C
i2_setOutput            text15       0011D2
i2setOutput@mask        cstackCOMRAM 00002F
i2setOutput@port        cstackCOMRAM 00002D
i2setOutput@row         cstackCOMRAM 000027
i2setOutput@value       cstackCOMRAM 000029
intlevel0               text         000000
intlevel1               text         000000
intlevel2               text         000000
intlevel3               text         000000
main@F7951              bssBANK1     000160
main@F7953              bssBANK1     000172
main@F7955              bssBANK1     000184
main@F7957              dataBANK1    0001A8
main@F7959              bssBANK1     000196
main@adcResult          cstackBANK1  00015A
main@buttonDown         cstackBANK1  000100
main@buttonEventDown    cstackBANK1  000148
main@buttonEventUp      cstackBANK1  000112
main@buttonLatch        cstackBANK1  000136
main@buttonState        cstackBANK1  000124
main@i                  cstackBANK1  00015E
main@programState       cstackBANK1  00015C
pwm_int@i               cstackCOMRAM 000042
setOutput@mask          cstackBANK0  00008C
setOutput@port          cstackBANK0  00008A
setOutput@row           cstackBANK0  000084
setOutput@value         cstackBANK0  000086
setOutputs@alwayson     cstackBANK0  00008D
setOutputs@ledIndex     cstackBANK0  00008F
setOutputs@relay        cstackBANK0  000091
setOutputs@value        cstackBANK0  000093
setupIO@direction       cstackBANK0  000086
setupIO@mask            cstackBANK0  00008E
setupIO@port            cstackBANK0  00008C
setupIO@row             cstackBANK0  000084
setupIO@state           cstackBANK0  00008A
start                   init         0001FC
start_initialization    cinit        001372
